# serializer version: 1
# name: test_segment_fights_fixture_b_snapshot
  dict({
    'count': 24,
    'sizes': list([
      1,
      1,
      1,
      1,
      1,
      1,
      4,
      1,
      5,
      1,
      1,
      1,
      3,
      1,
      4,
      1,
      1,
      9,
      4,
      1,
      1,
      6,
      3,
      1,
    ]),
    'windows': list([
      list([
        195319,
        195319,
      ]),
      list([
        230898,
        230898,
      ]),
      list([
        314885,
        314885,
      ]),
      list([
        315413,
        315413,
      ]),
      list([
        476177,
        476177,
      ]),
      list([
        615530,
        615530,
      ]),
      list([
        649723,
        668861,
      ]),
      list([
        801014,
        801014,
      ]),
      list([
        893453,
        921621,
      ]),
      list([
        971639,
        971639,
      ]),
      list([
        998463,
        998463,
      ]),
      list([
        1091630,
        1091630,
      ]),
      list([
        1148323,
        1156153,
      ]),
      list([
        1208601,
        1208601,
      ]),
      list([
        1310470,
        1330784,
      ]),
      list([
        1351626,
        1351626,
      ]),
      list([
        1388766,
        1388766,
      ]),
      list([
        1465300,
        1488965,
      ]),
      list([
        1610776,
        1629059,
      ]),
      list([
        1747423,
        1747423,
      ]),
      list([
        1793379,
        1793379,
      ]),
      list([
        1817330,
        1839149,
      ]),
      list([
        1962224,
        1982745,
      ]),
      list([
        2006842,
        2006842,
      ]),
    ]),
    'winners': list([
      200,
      200,
      200,
      100,
      200,
      100,
      None,
      100,
      100,
      200,
      100,
      100,
      100,
      100,
      100,
      100,
      100,
      200,
      100,
      100,
      100,
      None,
      100,
      100,
    ]),
  })
# ---
