# serializer version: 1
# name: test_fact_counts_snapshot_all_fixtures
  dict({
    'NA1_fixture_a': dict({
      'BUILDING_KILL': 12,
      'CHAMPION_KILL': 54,
      'CS': 350,
      'DAMAGE_ACCUM': 350,
      'DERIVED': 25,
      'ELITE_MONSTER_KILL': 8,
      'GAME_END': 1,
      'GOLD': 350,
      'HEALTH': 350,
      'ITEM_DESTROYED': 166,
      'ITEM_PURCHASED': 236,
      'ITEM_SOLD': 17,
      'LEVEL': 350,
      'LEVEL_UP': 144,
      'OBSERVATION': 656,
      'PAUSE_END': 1,
      'POSITION': 350,
      'SKILL_LEVEL_UP': 154,
      'TURRET_PLATE_DESTROYED': 12,
      'WARD_KILL': 66,
      'WARD_PLACED': 416,
      'XP': 350,
    }),
    'NA1_fixture_b': dict({
      'BUILDING_KILL': 12,
      'CHAMPION_KILL': 54,
      'CS': 350,
      'DAMAGE_ACCUM': 350,
      'DERIVED': 25,
      'ELITE_MONSTER_KILL': 8,
      'GAME_END': 1,
      'GOLD': 350,
      'HEALTH': 350,
      'ITEM_DESTROYED': 166,
      'ITEM_PURCHASED': 236,
      'ITEM_SOLD': 17,
      'LEVEL': 350,
      'LEVEL_UP': 144,
      'OBSERVATION': 656,
      'PAUSE_END': 1,
      'POSITION': 350,
      'SKILL_LEVEL_UP': 154,
      'TURRET_PLATE_DESTROYED': 12,
      'WARD_KILL': 66,
      'WARD_PLACED': 416,
      'XP': 350,
    }),
    'NA1_fixture_c': dict({
      'BUILDING_KILL': 12,
      'CHAMPION_KILL': 54,
      'CS': 350,
      'DAMAGE_ACCUM': 350,
      'DERIVED': 25,
      'ELITE_MONSTER_KILL': 8,
      'GAME_END': 1,
      'GOLD': 350,
      'HEALTH': 350,
      'ITEM_DESTROYED': 166,
      'ITEM_PURCHASED': 236,
      'ITEM_SOLD': 17,
      'LEVEL': 350,
      'LEVEL_UP': 144,
      'OBSERVATION': 656,
      'PAUSE_END': 1,
      'POSITION': 350,
      'SKILL_LEVEL_UP': 154,
      'TURRET_PLATE_DESTROYED': 12,
      'WARD_KILL': 66,
      'WARD_PLACED': 416,
      'XP': 350,
    }),
  })
# ---
